2026-01-29T15:25:01.653680Z  INFO tailwindcss_oxide::scanner: Provided sources:
2026-01-29T15:25:01.654666Z  INFO tailwindcss_oxide::scanner: Source: PublicSourceEntry { base: "C:\\Users\\rites\\OneDrive\\Desktop\\RESUME\\client", pattern: "**/*", negated: false }
2026-01-29T15:25:01.655532Z  INFO tailwindcss_oxide::scanner: Optimized sources:
2026-01-29T15:25:01.655543Z  INFO tailwindcss_oxide::scanner: Source: Auto { base: "C:\\Users\\rites\\OneDrive\\Desktop\\RESUME\\client" }
2026-01-29T15:25:01.657226Z  INFO scan_sources: tailwindcss_oxide::scanner: enter
2026-01-29T15:25:01.658931Z  INFO scan_sources: tailwindcss_oxide::scanner: Discovering "C:\\Users\\rites\\OneDrive\\Desktop\\RESUME\\client\\eslint.config.mjs"
2026-01-29T15:25:01.659009Z  INFO scan_sources: tailwindcss_oxide::scanner: Discovering "C:\\Users\\rites\\OneDrive\\Desktop\\RESUME\\client\\next.config.ts"
2026-01-29T15:25:01.659253Z  INFO scan_sources: tailwindcss_oxide::scanner: Discovering "C:\\Users\\rites\\OneDrive\\Desktop\\RESUME\\client\\package.json"
2026-01-29T15:25:01.659305Z  INFO scan_sources: tailwindcss_oxide::scanner: Discovering "C:\\Users\\rites\\OneDrive\\Desktop\\RESUME\\client\\postcss.config.mjs"
2026-01-29T15:25:01.659390Z  INFO scan_sources: tailwindcss_oxide::scanner: Discovering "C:\\Users\\rites\\OneDrive\\Desktop\\RESUME\\client\\public"
2026-01-29T15:25:01.659513Z  INFO scan_sources: tailwindcss_oxide::scanner: Discovering "C:\\Users\\rites\\OneDrive\\Desktop\\RESUME\\client\\public\\file.svg"
2026-01-29T15:25:01.659564Z  INFO scan_sources: tailwindcss_oxide::scanner: Discovering "C:\\Users\\rites\\OneDrive\\Desktop\\RESUME\\client\\public\\globe.svg"
2026-01-29T15:25:01.659630Z  INFO scan_sources: tailwindcss_oxide::scanner: Discovering "C:\\Users\\rites\\OneDrive\\Desktop\\RESUME\\client\\public\\next.svg"
2026-01-29T15:25:01.659700Z  INFO scan_sources: tailwindcss_oxide::scanner: Discovering "C:\\Users\\rites\\OneDrive\\Desktop\\RESUME\\client\\public\\vercel.svg"
2026-01-29T15:25:01.659759Z  INFO scan_sources: tailwindcss_oxide::scanner: Discovering "C:\\Users\\rites\\OneDrive\\Desktop\\RESUME\\client\\public\\window.svg"
2026-01-29T15:25:01.659856Z  INFO scan_sources: tailwindcss_oxide::scanner: Discovering "C:\\Users\\rites\\OneDrive\\Desktop\\RESUME\\client\\README.md"
2026-01-29T15:25:01.659949Z  INFO scan_sources: tailwindcss_oxide::scanner: Discovering "C:\\Users\\rites\\OneDrive\\Desktop\\RESUME\\client\\src"
2026-01-29T15:25:01.660094Z  INFO scan_sources: tailwindcss_oxide::scanner: Discovering "C:\\Users\\rites\\OneDrive\\Desktop\\RESUME\\client\\src\\app"
2026-01-29T15:25:01.660237Z  INFO scan_sources: tailwindcss_oxide::scanner: Discovering "C:\\Users\\rites\\OneDrive\\Desktop\\RESUME\\client\\src\\app\\(dashboard)"
2026-01-29T15:25:01.660379Z  INFO scan_sources: tailwindcss_oxide::scanner: Discovering "C:\\Users\\rites\\OneDrive\\Desktop\\RESUME\\client\\src\\app\\(dashboard)\\dashboard"
2026-01-29T15:25:01.660492Z  INFO scan_sources: tailwindcss_oxide::scanner: Discovering "C:\\Users\\rites\\OneDrive\\Desktop\\RESUME\\client\\src\\app\\(dashboard)\\dashboard\\page.tsx"
2026-01-29T15:25:01.660564Z  INFO scan_sources: tailwindcss_oxide::scanner: Discovering "C:\\Users\\rites\\OneDrive\\Desktop\\RESUME\\client\\src\\app\\(dashboard)\\layout.tsx"
2026-01-29T15:25:01.660664Z  INFO scan_sources: tailwindcss_oxide::scanner: Discovering "C:\\Users\\rites\\OneDrive\\Desktop\\RESUME\\client\\src\\app\\(dashboard)\\profile"
2026-01-29T15:25:01.660781Z  INFO scan_sources: tailwindcss_oxide::scanner: Discovering "C:\\Users\\rites\\OneDrive\\Desktop\\RESUME\\client\\src\\app\\(dashboard)\\profile\\page.tsx"
2026-01-29T15:25:01.660897Z  INFO scan_sources: tailwindcss_oxide::scanner: Discovering "C:\\Users\\rites\\OneDrive\\Desktop\\RESUME\\client\\src\\app\\analyzer"
2026-01-29T15:25:01.661002Z  INFO scan_sources: tailwindcss_oxide::scanner: Discovering "C:\\Users\\rites\\OneDrive\\Desktop\\RESUME\\client\\src\\app\\analyzer\\page.tsx"
2026-01-29T15:25:01.661096Z  INFO scan_sources: tailwindcss_oxide::scanner: Discovering "C:\\Users\\rites\\OneDrive\\Desktop\\RESUME\\client\\src\\app\\builder"
2026-01-29T15:25:01.661259Z  INFO scan_sources: tailwindcss_oxide::scanner: Discovering "C:\\Users\\rites\\OneDrive\\Desktop\\RESUME\\client\\src\\app\\builder\\page.tsx"
2026-01-29T15:25:01.661372Z  INFO scan_sources: tailwindcss_oxide::scanner: Discovering "C:\\Users\\rites\\OneDrive\\Desktop\\RESUME\\client\\src\\app\\globals.css"
2026-01-29T15:25:01.661424Z  INFO scan_sources: tailwindcss_oxide::scanner: Discovering "C:\\Users\\rites\\OneDrive\\Desktop\\RESUME\\client\\src\\app\\layout.tsx"
2026-01-29T15:25:01.661475Z  INFO scan_sources: tailwindcss_oxide::scanner: Discovering "C:\\Users\\rites\\OneDrive\\Desktop\\RESUME\\client\\src\\app\\page.tsx"
2026-01-29T15:25:01.661896Z  INFO scan_sources: tailwindcss_oxide::scanner: Discovering "C:\\Users\\rites\\OneDrive\\Desktop\\RESUME\\client\\src\\components"
2026-01-29T15:25:01.662127Z  INFO scan_sources: tailwindcss_oxide::scanner: Discovering "C:\\Users\\rites\\OneDrive\\Desktop\\RESUME\\client\\src\\components\\analyzer"
2026-01-29T15:25:01.662313Z  INFO scan_sources: tailwindcss_oxide::scanner: Discovering "C:\\Users\\rites\\OneDrive\\Desktop\\RESUME\\client\\src\\components\\layout"
2026-01-29T15:25:01.662471Z  INFO scan_sources: tailwindcss_oxide::scanner: Discovering "C:\\Users\\rites\\OneDrive\\Desktop\\RESUME\\client\\src\\components\\resume"
2026-01-29T15:25:01.662628Z  INFO scan_sources: tailwindcss_oxide::scanner: Discovering "C:\\Users\\rites\\OneDrive\\Desktop\\RESUME\\client\\src\\components\\ui"
2026-01-29T15:25:01.662830Z  INFO scan_sources: tailwindcss_oxide::scanner: Discovering "C:\\Users\\rites\\OneDrive\\Desktop\\RESUME\\client\\src\\hooks"
2026-01-29T15:25:01.663034Z  INFO scan_sources: tailwindcss_oxide::scanner: Discovering "C:\\Users\\rites\\OneDrive\\Desktop\\RESUME\\client\\src\\lib"
2026-01-29T15:25:01.663218Z  INFO scan_sources: tailwindcss_oxide::scanner: Discovering "C:\\Users\\rites\\OneDrive\\Desktop\\RESUME\\client\\src\\store"
2026-01-29T15:25:01.663380Z  INFO scan_sources: tailwindcss_oxide::scanner: Discovering "C:\\Users\\rites\\OneDrive\\Desktop\\RESUME\\client\\src\\types"
2026-01-29T15:25:01.663605Z  INFO scan_sources: tailwindcss_oxide::scanner: Discovering "C:\\Users\\rites\\OneDrive\\Desktop\\RESUME\\client\\tsconfig.json"
2026-01-29T15:25:01.663712Z  INFO scan_sources: tailwindcss_oxide::scanner: exit
2026-01-29T15:25:01.663722Z  INFO extract_candidates: tailwindcss_oxide::scanner: enter
2026-01-29T15:25:01.663729Z  INFO extract_candidates:read_all_files: tailwindcss_oxide::scanner: enter
2026-01-29T15:25:01.663734Z  INFO extract_candidates:read_all_files: tailwindcss_oxide::scanner: Reading 18 file(s)
2026-01-29T15:25:01.664264Z  INFO tailwindcss_oxide::scanner: Reading "C:\\Users\\rites\\OneDrive\\Desktop\\RESUME\\client\\eslint.config.mjs"
2026-01-29T15:25:01.664298Z  INFO tailwindcss_oxide::scanner: Reading "C:\\Users\\rites\\OneDrive\\Desktop\\RESUME\\client\\README.md"
2026-01-29T15:25:01.664360Z  INFO tailwindcss_oxide::scanner: Reading "C:\\Users\\rites\\OneDrive\\Desktop\\RESUME\\client\\public\\file.svg"
2026-01-29T15:25:01.664416Z  INFO tailwindcss_oxide::scanner: Reading "C:\\Users\\rites\\OneDrive\\Desktop\\RESUME\\client\\public\\next.svg"
2026-01-29T15:25:01.664428Z  INFO tailwindcss_oxide::scanner: Reading "C:\\Users\\rites\\OneDrive\\Desktop\\RESUME\\client\\public\\globe.svg"
2026-01-29T15:25:01.664442Z  INFO tailwindcss_oxide::scanner: Reading "C:\\Users\\rites\\OneDrive\\Desktop\\RESUME\\client\\next.config.ts"
2026-01-29T15:25:01.664538Z  INFO tailwindcss_oxide::scanner: Reading "C:\\Users\\rites\\OneDrive\\Desktop\\RESUME\\client\\src\\app\\analyzer\\page.tsx"
2026-01-29T15:25:01.664571Z  INFO tailwindcss_oxide::scanner: Reading "C:\\Users\\rites\\OneDrive\\Desktop\\RESUME\\client\\package.json"
2026-01-29T15:25:01.664596Z  INFO tailwindcss_oxide::scanner: Reading "C:\\Users\\rites\\OneDrive\\Desktop\\RESUME\\client\\src\\app\\(dashboard)\\dashboard\\page.tsx"
2026-01-29T15:25:01.664609Z  INFO tailwindcss_oxide::scanner: Reading "C:\\Users\\rites\\OneDrive\\Desktop\\RESUME\\client\\public\\vercel.svg"
2026-01-29T15:25:01.664651Z  INFO tailwindcss_oxide::scanner: Reading "C:\\Users\\rites\\OneDrive\\Desktop\\RESUME\\client\\postcss.config.mjs"
2026-01-29T15:25:01.664695Z  INFO tailwindcss_oxide::scanner: Reading "C:\\Users\\rites\\OneDrive\\Desktop\\RESUME\\client\\src\\app\\builder\\page.tsx"
2026-01-29T15:25:01.664658Z  INFO tailwindcss_oxide::scanner: Reading "C:\\Users\\rites\\OneDrive\\Desktop\\RESUME\\client\\src\\app\\(dashboard)\\layout.tsx"
2026-01-29T15:25:01.664744Z  INFO tailwindcss_oxide::scanner: Reading "C:\\Users\\rites\\OneDrive\\Desktop\\RESUME\\client\\public\\window.svg"
2026-01-29T15:25:01.664777Z  INFO tailwindcss_oxide::scanner: Reading "C:\\Users\\rites\\OneDrive\\Desktop\\RESUME\\client\\src\\app\\layout.tsx"
2026-01-29T15:25:01.664835Z  INFO tailwindcss_oxide::scanner: Reading "C:\\Users\\rites\\OneDrive\\Desktop\\RESUME\\client\\src\\app\\(dashboard)\\profile\\page.tsx"
2026-01-29T15:25:01.664857Z  INFO tailwindcss_oxide::scanner: Reading "C:\\Users\\rites\\OneDrive\\Desktop\\RESUME\\client\\tsconfig.json"
2026-01-29T15:25:01.664856Z  INFO tailwindcss_oxide::scanner: Reading "C:\\Users\\rites\\OneDrive\\Desktop\\RESUME\\client\\src\\app\\page.tsx"
2026-01-29T15:25:01.664993Z  INFO extract_candidates:read_all_files: tailwindcss_oxide::scanner: exit
2026-01-29T15:25:01.665013Z  INFO extract_candidates:parse_all_blobs: tailwindcss_oxide::scanner: enter
2026-01-29T15:25:01.665027Z  INFO extract_candidates:parse_all_blobs:extract: tailwindcss_oxide::scanner: enter
2026-01-29T15:25:01.666855Z  INFO extract_candidates:parse_all_blobs:extract: tailwindcss_oxide::scanner: exit
2026-01-29T15:25:01.666898Z  INFO extract_candidates:parse_all_blobs: tailwindcss_oxide::scanner: exit
2026-01-29T15:25:01.666907Z  INFO extract_candidates:read_all_files: tailwindcss_oxide::scanner: enter
2026-01-29T15:25:01.666911Z  INFO extract_candidates:read_all_files: tailwindcss_oxide::scanner: Reading 1 file(s)
2026-01-29T15:25:01.667049Z  INFO extract_candidates:read_all_files: tailwindcss_oxide::scanner: Reading "C:\\Users\\rites\\OneDrive\\Desktop\\RESUME\\client\\src\\app\\globals.css"
2026-01-29T15:25:01.667059Z  INFO extract_candidates:read_all_files: tailwindcss_oxide::scanner: exit
2026-01-29T15:25:01.667068Z  INFO extract_candidates:extract_css_variables: tailwindcss_oxide::scanner: enter
2026-01-29T15:25:01.667072Z  INFO extract_candidates:extract_css_variables:extract: tailwindcss_oxide::scanner: enter
2026-01-29T15:25:01.667323Z  INFO extract_candidates:extract_css_variables:extract: tailwindcss_oxide::scanner: exit
2026-01-29T15:25:01.667342Z  INFO extract_candidates:extract_css_variables: tailwindcss_oxide::scanner: exit
2026-01-29T15:25:01.667778Z  INFO extract_candidates: tailwindcss_oxide::scanner: exit
2026-01-29T15:25:01.668342Z  INFO get_files: tailwindcss_oxide::scanner: enter
2026-01-29T15:25:01.668364Z  INFO get_files:scan_sources: tailwindcss_oxide::scanner: enter
2026-01-29T15:25:01.670676Z  INFO get_files:scan_sources: tailwindcss_oxide::scanner: Discovering "C:\\Users\\rites\\OneDrive\\Desktop\\RESUME\\client\\public"
2026-01-29T15:25:01.671271Z  INFO get_files:scan_sources: tailwindcss_oxide::scanner: Discovering "C:\\Users\\rites\\OneDrive\\Desktop\\RESUME\\client\\src"
2026-01-29T15:25:01.671462Z  INFO get_files:scan_sources: tailwindcss_oxide::scanner: Discovering "C:\\Users\\rites\\OneDrive\\Desktop\\RESUME\\client\\src\\app"
2026-01-29T15:25:01.671623Z  INFO get_files:scan_sources: tailwindcss_oxide::scanner: Discovering "C:\\Users\\rites\\OneDrive\\Desktop\\RESUME\\client\\src\\app\\(dashboard)"
2026-01-29T15:25:01.671825Z  INFO get_files:scan_sources: tailwindcss_oxide::scanner: Discovering "C:\\Users\\rites\\OneDrive\\Desktop\\RESUME\\client\\src\\app\\(dashboard)\\dashboard"
2026-01-29T15:25:01.672077Z  INFO get_files:scan_sources: tailwindcss_oxide::scanner: Discovering "C:\\Users\\rites\\OneDrive\\Desktop\\RESUME\\client\\src\\app\\(dashboard)\\profile"
2026-01-29T15:25:01.672292Z  INFO get_files:scan_sources: tailwindcss_oxide::scanner: Discovering "C:\\Users\\rites\\OneDrive\\Desktop\\RESUME\\client\\src\\app\\analyzer"
2026-01-29T15:25:01.672511Z  INFO get_files:scan_sources: tailwindcss_oxide::scanner: Discovering "C:\\Users\\rites\\OneDrive\\Desktop\\RESUME\\client\\src\\app\\builder"
2026-01-29T15:25:01.672844Z  INFO get_files:scan_sources: tailwindcss_oxide::scanner: Discovering "C:\\Users\\rites\\OneDrive\\Desktop\\RESUME\\client\\src\\components"
2026-01-29T15:25:01.672996Z  INFO get_files:scan_sources: tailwindcss_oxide::scanner: Discovering "C:\\Users\\rites\\OneDrive\\Desktop\\RESUME\\client\\src\\components\\analyzer"
2026-01-29T15:25:01.673186Z  INFO get_files:scan_sources: tailwindcss_oxide::scanner: Discovering "C:\\Users\\rites\\OneDrive\\Desktop\\RESUME\\client\\src\\components\\layout"
2026-01-29T15:25:01.673407Z  INFO get_files:scan_sources: tailwindcss_oxide::scanner: Discovering "C:\\Users\\rites\\OneDrive\\Desktop\\RESUME\\client\\src\\components\\resume"
2026-01-29T15:25:01.673591Z  INFO get_files:scan_sources: tailwindcss_oxide::scanner: Discovering "C:\\Users\\rites\\OneDrive\\Desktop\\RESUME\\client\\src\\components\\ui"
2026-01-29T15:25:01.673775Z  INFO get_files:scan_sources: tailwindcss_oxide::scanner: Discovering "C:\\Users\\rites\\OneDrive\\Desktop\\RESUME\\client\\src\\hooks"
2026-01-29T15:25:01.673930Z  INFO get_files:scan_sources: tailwindcss_oxide::scanner: Discovering "C:\\Users\\rites\\OneDrive\\Desktop\\RESUME\\client\\src\\lib"
2026-01-29T15:25:01.674084Z  INFO get_files:scan_sources: tailwindcss_oxide::scanner: Discovering "C:\\Users\\rites\\OneDrive\\Desktop\\RESUME\\client\\src\\store"
2026-01-29T15:25:01.674235Z  INFO get_files:scan_sources: tailwindcss_oxide::scanner: Discovering "C:\\Users\\rites\\OneDrive\\Desktop\\RESUME\\client\\src\\types"
2026-01-29T15:25:01.674484Z  INFO get_files:scan_sources: tailwindcss_oxide::scanner: exit
2026-01-29T15:25:01.674622Z  INFO get_files: tailwindcss_oxide::scanner: exit
2026-01-29T15:25:01.674805Z  INFO get_globs: tailwindcss_oxide::scanner: enter
2026-01-29T15:25:01.674816Z  INFO get_globs:scan_sources: tailwindcss_oxide::scanner: enter
2026-01-29T15:25:01.677573Z  INFO get_globs:scan_sources: tailwindcss_oxide::scanner: Discovering "C:\\Users\\rites\\OneDrive\\Desktop\\RESUME\\client\\public"
2026-01-29T15:25:01.678110Z  INFO get_globs:scan_sources: tailwindcss_oxide::scanner: Discovering "C:\\Users\\rites\\OneDrive\\Desktop\\RESUME\\client\\src"
2026-01-29T15:25:01.678407Z  INFO get_globs:scan_sources: tailwindcss_oxide::scanner: Discovering "C:\\Users\\rites\\OneDrive\\Desktop\\RESUME\\client\\src\\app"
2026-01-29T15:25:01.678917Z  INFO get_globs:scan_sources: tailwindcss_oxide::scanner: Discovering "C:\\Users\\rites\\OneDrive\\Desktop\\RESUME\\client\\src\\app\\(dashboard)"
2026-01-29T15:25:01.679405Z  INFO get_globs:scan_sources: tailwindcss_oxide::scanner: Discovering "C:\\Users\\rites\\OneDrive\\Desktop\\RESUME\\client\\src\\app\\(dashboard)\\dashboard"
2026-01-29T15:25:01.680491Z  INFO get_globs:scan_sources: tailwindcss_oxide::scanner: Discovering "C:\\Users\\rites\\OneDrive\\Desktop\\RESUME\\client\\src\\app\\(dashboard)\\profile"
2026-01-29T15:25:01.681025Z  INFO get_globs:scan_sources: tailwindcss_oxide::scanner: Discovering "C:\\Users\\rites\\OneDrive\\Desktop\\RESUME\\client\\src\\app\\analyzer"
2026-01-29T15:25:01.682045Z  INFO get_globs:scan_sources: tailwindcss_oxide::scanner: Discovering "C:\\Users\\rites\\OneDrive\\Desktop\\RESUME\\client\\src\\app\\builder"
2026-01-29T15:25:01.682770Z  INFO get_globs:scan_sources: tailwindcss_oxide::scanner: Discovering "C:\\Users\\rites\\OneDrive\\Desktop\\RESUME\\client\\src\\components"
2026-01-29T15:25:01.683934Z  INFO get_globs:scan_sources: tailwindcss_oxide::scanner: Discovering "C:\\Users\\rites\\OneDrive\\Desktop\\RESUME\\client\\src\\components\\analyzer"
2026-01-29T15:25:01.684295Z  INFO get_globs:scan_sources: tailwindcss_oxide::scanner: Discovering "C:\\Users\\rites\\OneDrive\\Desktop\\RESUME\\client\\src\\components\\layout"
2026-01-29T15:25:01.684621Z  INFO get_globs:scan_sources: tailwindcss_oxide::scanner: Discovering "C:\\Users\\rites\\OneDrive\\Desktop\\RESUME\\client\\src\\components\\resume"
2026-01-29T15:25:01.684986Z  INFO get_globs:scan_sources: tailwindcss_oxide::scanner: Discovering "C:\\Users\\rites\\OneDrive\\Desktop\\RESUME\\client\\src\\components\\ui"
2026-01-29T15:25:01.685360Z  INFO get_globs:scan_sources: tailwindcss_oxide::scanner: Discovering "C:\\Users\\rites\\OneDrive\\Desktop\\RESUME\\client\\src\\hooks"
2026-01-29T15:25:01.686106Z  INFO get_globs:scan_sources: tailwindcss_oxide::scanner: Discovering "C:\\Users\\rites\\OneDrive\\Desktop\\RESUME\\client\\src\\lib"
2026-01-29T15:25:01.686991Z  INFO get_globs:scan_sources: tailwindcss_oxide::scanner: Discovering "C:\\Users\\rites\\OneDrive\\Desktop\\RESUME\\client\\src\\store"
2026-01-29T15:25:01.687795Z  INFO get_globs:scan_sources: tailwindcss_oxide::scanner: Discovering "C:\\Users\\rites\\OneDrive\\Desktop\\RESUME\\client\\src\\types"
2026-01-29T15:25:01.688532Z  INFO get_globs:scan_sources: tailwindcss_oxide::scanner: exit
2026-01-29T15:25:01.701907Z  INFO get_globs: tailwindcss_oxide::scanner: exit
