2026-01-29T16:45:55.413567Z  INFO tailwindcss_oxide::scanner: Provided sources:
2026-01-29T16:45:55.413704Z  INFO tailwindcss_oxide::scanner: Source: PublicSourceEntry { base: "C:\\Users\\rites\\OneDrive\\Desktop\\RESUME\\client", pattern: "**/*", negated: false }
2026-01-29T16:45:55.415402Z  INFO tailwindcss_oxide::scanner: Optimized sources:
2026-01-29T16:45:55.415420Z  INFO tailwindcss_oxide::scanner: Source: Auto { base: "C:\\Users\\rites\\OneDrive\\Desktop\\RESUME\\client" }
2026-01-29T16:45:55.416898Z  INFO scan_sources: tailwindcss_oxide::scanner: enter
2026-01-29T16:45:55.418297Z  INFO scan_sources: tailwindcss_oxide::scanner: Discovering "C:\\Users\\rites\\OneDrive\\Desktop\\RESUME\\client\\eslint.config.mjs"
2026-01-29T16:45:55.418377Z  INFO scan_sources: tailwindcss_oxide::scanner: Discovering "C:\\Users\\rites\\OneDrive\\Desktop\\RESUME\\client\\next.config.ts"
2026-01-29T16:45:55.418562Z  INFO scan_sources: tailwindcss_oxide::scanner: Discovering "C:\\Users\\rites\\OneDrive\\Desktop\\RESUME\\client\\package.json"
2026-01-29T16:45:55.418614Z  INFO scan_sources: tailwindcss_oxide::scanner: Discovering "C:\\Users\\rites\\OneDrive\\Desktop\\RESUME\\client\\postcss.config.mjs"
2026-01-29T16:45:55.418697Z  INFO scan_sources: tailwindcss_oxide::scanner: Discovering "C:\\Users\\rites\\OneDrive\\Desktop\\RESUME\\client\\public"
2026-01-29T16:45:55.418808Z  INFO scan_sources: tailwindcss_oxide::scanner: Discovering "C:\\Users\\rites\\OneDrive\\Desktop\\RESUME\\client\\public\\file.svg"
2026-01-29T16:45:55.418854Z  INFO scan_sources: tailwindcss_oxide::scanner: Discovering "C:\\Users\\rites\\OneDrive\\Desktop\\RESUME\\client\\public\\globe.svg"
2026-01-29T16:45:55.418911Z  INFO scan_sources: tailwindcss_oxide::scanner: Discovering "C:\\Users\\rites\\OneDrive\\Desktop\\RESUME\\client\\public\\next.svg"
2026-01-29T16:45:55.418956Z  INFO scan_sources: tailwindcss_oxide::scanner: Discovering "C:\\Users\\rites\\OneDrive\\Desktop\\RESUME\\client\\public\\vercel.svg"
2026-01-29T16:45:55.419004Z  INFO scan_sources: tailwindcss_oxide::scanner: Discovering "C:\\Users\\rites\\OneDrive\\Desktop\\RESUME\\client\\public\\window.svg"
2026-01-29T16:45:55.419085Z  INFO scan_sources: tailwindcss_oxide::scanner: Discovering "C:\\Users\\rites\\OneDrive\\Desktop\\RESUME\\client\\README.md"
2026-01-29T16:45:55.419166Z  INFO scan_sources: tailwindcss_oxide::scanner: Discovering "C:\\Users\\rites\\OneDrive\\Desktop\\RESUME\\client\\src"
2026-01-29T16:45:55.419309Z  INFO scan_sources: tailwindcss_oxide::scanner: Discovering "C:\\Users\\rites\\OneDrive\\Desktop\\RESUME\\client\\src\\app"
2026-01-29T16:45:55.419440Z  INFO scan_sources: tailwindcss_oxide::scanner: Discovering "C:\\Users\\rites\\OneDrive\\Desktop\\RESUME\\client\\src\\app\\(dashboard)"
2026-01-29T16:45:55.419572Z  INFO scan_sources: tailwindcss_oxide::scanner: Discovering "C:\\Users\\rites\\OneDrive\\Desktop\\RESUME\\client\\src\\app\\(dashboard)\\dashboard"
2026-01-29T16:45:55.419675Z  INFO scan_sources: tailwindcss_oxide::scanner: Discovering "C:\\Users\\rites\\OneDrive\\Desktop\\RESUME\\client\\src\\app\\(dashboard)\\dashboard\\page.tsx"
2026-01-29T16:45:55.419746Z  INFO scan_sources: tailwindcss_oxide::scanner: Discovering "C:\\Users\\rites\\OneDrive\\Desktop\\RESUME\\client\\src\\app\\(dashboard)\\layout.tsx"
2026-01-29T16:45:55.419823Z  INFO scan_sources: tailwindcss_oxide::scanner: Discovering "C:\\Users\\rites\\OneDrive\\Desktop\\RESUME\\client\\src\\app\\(dashboard)\\profile"
2026-01-29T16:45:55.419919Z  INFO scan_sources: tailwindcss_oxide::scanner: Discovering "C:\\Users\\rites\\OneDrive\\Desktop\\RESUME\\client\\src\\app\\(dashboard)\\profile\\page.tsx"
2026-01-29T16:45:55.420028Z  INFO scan_sources: tailwindcss_oxide::scanner: Discovering "C:\\Users\\rites\\OneDrive\\Desktop\\RESUME\\client\\src\\app\\analyzer"
2026-01-29T16:45:55.420122Z  INFO scan_sources: tailwindcss_oxide::scanner: Discovering "C:\\Users\\rites\\OneDrive\\Desktop\\RESUME\\client\\src\\app\\analyzer\\page.tsx"
2026-01-29T16:45:55.420214Z  INFO scan_sources: tailwindcss_oxide::scanner: Discovering "C:\\Users\\rites\\OneDrive\\Desktop\\RESUME\\client\\src\\app\\builder"
2026-01-29T16:45:55.420364Z  INFO scan_sources: tailwindcss_oxide::scanner: Discovering "C:\\Users\\rites\\OneDrive\\Desktop\\RESUME\\client\\src\\app\\builder\\page.tsx"
2026-01-29T16:45:55.420438Z  INFO scan_sources: tailwindcss_oxide::scanner: Discovering "C:\\Users\\rites\\OneDrive\\Desktop\\RESUME\\client\\src\\app\\globals.css"
2026-01-29T16:45:55.420485Z  INFO scan_sources: tailwindcss_oxide::scanner: Discovering "C:\\Users\\rites\\OneDrive\\Desktop\\RESUME\\client\\src\\app\\layout.tsx"
2026-01-29T16:45:55.420531Z  INFO scan_sources: tailwindcss_oxide::scanner: Discovering "C:\\Users\\rites\\OneDrive\\Desktop\\RESUME\\client\\src\\app\\page.tsx"
2026-01-29T16:45:55.420671Z  INFO scan_sources: tailwindcss_oxide::scanner: Discovering "C:\\Users\\rites\\OneDrive\\Desktop\\RESUME\\client\\src\\components"
2026-01-29T16:45:55.420824Z  INFO scan_sources: tailwindcss_oxide::scanner: Discovering "C:\\Users\\rites\\OneDrive\\Desktop\\RESUME\\client\\src\\components\\analyzer"
2026-01-29T16:45:55.420991Z  INFO scan_sources: tailwindcss_oxide::scanner: Discovering "C:\\Users\\rites\\OneDrive\\Desktop\\RESUME\\client\\src\\components\\layout"
2026-01-29T16:45:55.421166Z  INFO scan_sources: tailwindcss_oxide::scanner: Discovering "C:\\Users\\rites\\OneDrive\\Desktop\\RESUME\\client\\src\\components\\resume"
2026-01-29T16:45:55.421324Z  INFO scan_sources: tailwindcss_oxide::scanner: Discovering "C:\\Users\\rites\\OneDrive\\Desktop\\RESUME\\client\\src\\components\\ui"
2026-01-29T16:45:55.421498Z  INFO scan_sources: tailwindcss_oxide::scanner: Discovering "C:\\Users\\rites\\OneDrive\\Desktop\\RESUME\\client\\src\\hooks"
2026-01-29T16:45:55.421652Z  INFO scan_sources: tailwindcss_oxide::scanner: Discovering "C:\\Users\\rites\\OneDrive\\Desktop\\RESUME\\client\\src\\lib"
2026-01-29T16:45:55.421797Z  INFO scan_sources: tailwindcss_oxide::scanner: Discovering "C:\\Users\\rites\\OneDrive\\Desktop\\RESUME\\client\\src\\store"
2026-01-29T16:45:55.421978Z  INFO scan_sources: tailwindcss_oxide::scanner: Discovering "C:\\Users\\rites\\OneDrive\\Desktop\\RESUME\\client\\src\\types"
2026-01-29T16:45:55.422140Z  INFO scan_sources: tailwindcss_oxide::scanner: Discovering "C:\\Users\\rites\\OneDrive\\Desktop\\RESUME\\client\\tsconfig.json"
2026-01-29T16:45:55.422224Z  INFO scan_sources: tailwindcss_oxide::scanner: exit
2026-01-29T16:45:55.422233Z  INFO extract_candidates: tailwindcss_oxide::scanner: enter
2026-01-29T16:45:55.422239Z  INFO extract_candidates:read_all_files: tailwindcss_oxide::scanner: enter
2026-01-29T16:45:55.422245Z  INFO extract_candidates:read_all_files: tailwindcss_oxide::scanner: Reading 18 file(s)
2026-01-29T16:45:55.422682Z  INFO tailwindcss_oxide::scanner: Reading "C:\\Users\\rites\\OneDrive\\Desktop\\RESUME\\client\\eslint.config.mjs"
2026-01-29T16:45:55.422765Z  INFO tailwindcss_oxide::scanner: Reading "C:\\Users\\rites\\OneDrive\\Desktop\\RESUME\\client\\README.md"
2026-01-29T16:45:55.422803Z  INFO tailwindcss_oxide::scanner: Reading "C:\\Users\\rites\\OneDrive\\Desktop\\RESUME\\client\\public\\file.svg"
2026-01-29T16:45:55.422855Z  INFO tailwindcss_oxide::scanner: Reading "C:\\Users\\rites\\OneDrive\\Desktop\\RESUME\\client\\public\\next.svg"
2026-01-29T16:45:55.422909Z  INFO tailwindcss_oxide::scanner: Reading "C:\\Users\\rites\\OneDrive\\Desktop\\RESUME\\client\\public\\globe.svg"
2026-01-29T16:45:55.422925Z  INFO tailwindcss_oxide::scanner: Reading "C:\\Users\\rites\\OneDrive\\Desktop\\RESUME\\client\\public\\vercel.svg"
2026-01-29T16:45:55.422954Z  INFO tailwindcss_oxide::scanner: Reading "C:\\Users\\rites\\OneDrive\\Desktop\\RESUME\\client\\next.config.ts"
2026-01-29T16:45:55.423002Z  INFO tailwindcss_oxide::scanner: Reading "C:\\Users\\rites\\OneDrive\\Desktop\\RESUME\\client\\package.json"
2026-01-29T16:45:55.423036Z  INFO tailwindcss_oxide::scanner: Reading "C:\\Users\\rites\\OneDrive\\Desktop\\RESUME\\client\\public\\window.svg"
2026-01-29T16:45:55.423092Z  INFO tailwindcss_oxide::scanner: Reading "C:\\Users\\rites\\OneDrive\\Desktop\\RESUME\\client\\src\\app\\analyzer\\page.tsx"
2026-01-29T16:45:55.423151Z  INFO tailwindcss_oxide::scanner: Reading "C:\\Users\\rites\\OneDrive\\Desktop\\RESUME\\client\\postcss.config.mjs"
2026-01-29T16:45:55.423262Z  INFO tailwindcss_oxide::scanner: Reading "C:\\Users\\rites\\OneDrive\\Desktop\\RESUME\\client\\src\\app\\(dashboard)\\profile\\page.tsx"
2026-01-29T16:45:55.423322Z  INFO tailwindcss_oxide::scanner: Reading "C:\\Users\\rites\\OneDrive\\Desktop\\RESUME\\client\\src\\app\\builder\\page.tsx"
2026-01-29T16:45:55.423341Z  INFO tailwindcss_oxide::scanner: Reading "C:\\Users\\rites\\OneDrive\\Desktop\\RESUME\\client\\src\\app\\page.tsx"
2026-01-29T16:45:55.423354Z  INFO tailwindcss_oxide::scanner: Reading "C:\\Users\\rites\\OneDrive\\Desktop\\RESUME\\client\\src\\app\\(dashboard)\\layout.tsx"
2026-01-29T16:45:55.423128Z  INFO tailwindcss_oxide::scanner: Reading "C:\\Users\\rites\\OneDrive\\Desktop\\RESUME\\client\\src\\app\\layout.tsx"
2026-01-29T16:45:55.423401Z  INFO tailwindcss_oxide::scanner: Reading "C:\\Users\\rites\\OneDrive\\Desktop\\RESUME\\client\\tsconfig.json"
2026-01-29T16:45:55.423524Z  INFO tailwindcss_oxide::scanner: Reading "C:\\Users\\rites\\OneDrive\\Desktop\\RESUME\\client\\src\\app\\(dashboard)\\dashboard\\page.tsx"
2026-01-29T16:45:55.424088Z  INFO extract_candidates:read_all_files: tailwindcss_oxide::scanner: exit
2026-01-29T16:45:55.424123Z  INFO extract_candidates:parse_all_blobs: tailwindcss_oxide::scanner: enter
2026-01-29T16:45:55.424133Z  INFO extract_candidates:parse_all_blobs:extract: tailwindcss_oxide::scanner: enter
2026-01-29T16:45:55.428943Z  INFO extract_candidates:parse_all_blobs:extract: tailwindcss_oxide::scanner: exit
2026-01-29T16:45:55.428992Z  INFO extract_candidates:parse_all_blobs: tailwindcss_oxide::scanner: exit
2026-01-29T16:45:55.429005Z  INFO extract_candidates:read_all_files: tailwindcss_oxide::scanner: enter
2026-01-29T16:45:55.429012Z  INFO extract_candidates:read_all_files: tailwindcss_oxide::scanner: Reading 1 file(s)
2026-01-29T16:45:55.429241Z  INFO extract_candidates:read_all_files: tailwindcss_oxide::scanner: Reading "C:\\Users\\rites\\OneDrive\\Desktop\\RESUME\\client\\src\\app\\globals.css"
2026-01-29T16:45:55.429262Z  INFO extract_candidates:read_all_files: tailwindcss_oxide::scanner: exit
2026-01-29T16:45:55.429277Z  INFO extract_candidates:extract_css_variables: tailwindcss_oxide::scanner: enter
2026-01-29T16:45:55.429283Z  INFO extract_candidates:extract_css_variables:extract: tailwindcss_oxide::scanner: enter
2026-01-29T16:45:55.429501Z  INFO extract_candidates:extract_css_variables:extract: tailwindcss_oxide::scanner: exit
2026-01-29T16:45:55.429531Z  INFO extract_candidates:extract_css_variables: tailwindcss_oxide::scanner: exit
2026-01-29T16:45:55.430075Z  INFO extract_candidates: tailwindcss_oxide::scanner: exit
2026-01-29T16:45:55.430833Z  INFO get_files: tailwindcss_oxide::scanner: enter
2026-01-29T16:45:55.430853Z  INFO get_files:scan_sources: tailwindcss_oxide::scanner: enter
2026-01-29T16:45:55.433996Z  INFO get_files:scan_sources: tailwindcss_oxide::scanner: Discovering "C:\\Users\\rites\\OneDrive\\Desktop\\RESUME\\client\\public"
2026-01-29T16:45:55.434782Z  INFO get_files:scan_sources: tailwindcss_oxide::scanner: Discovering "C:\\Users\\rites\\OneDrive\\Desktop\\RESUME\\client\\src"
2026-01-29T16:45:55.435076Z  INFO get_files:scan_sources: tailwindcss_oxide::scanner: Discovering "C:\\Users\\rites\\OneDrive\\Desktop\\RESUME\\client\\src\\app"
2026-01-29T16:45:55.435329Z  INFO get_files:scan_sources: tailwindcss_oxide::scanner: Discovering "C:\\Users\\rites\\OneDrive\\Desktop\\RESUME\\client\\src\\app\\(dashboard)"
2026-01-29T16:45:55.435577Z  INFO get_files:scan_sources: tailwindcss_oxide::scanner: Discovering "C:\\Users\\rites\\OneDrive\\Desktop\\RESUME\\client\\src\\app\\(dashboard)\\dashboard"
2026-01-29T16:45:55.435993Z  INFO get_files:scan_sources: tailwindcss_oxide::scanner: Discovering "C:\\Users\\rites\\OneDrive\\Desktop\\RESUME\\client\\src\\app\\(dashboard)\\profile"
2026-01-29T16:45:55.436339Z  INFO get_files:scan_sources: tailwindcss_oxide::scanner: Discovering "C:\\Users\\rites\\OneDrive\\Desktop\\RESUME\\client\\src\\app\\analyzer"
2026-01-29T16:45:55.436662Z  INFO get_files:scan_sources: tailwindcss_oxide::scanner: Discovering "C:\\Users\\rites\\OneDrive\\Desktop\\RESUME\\client\\src\\app\\builder"
2026-01-29T16:45:55.437242Z  INFO get_files:scan_sources: tailwindcss_oxide::scanner: Discovering "C:\\Users\\rites\\OneDrive\\Desktop\\RESUME\\client\\src\\components"
2026-01-29T16:45:55.437523Z  INFO get_files:scan_sources: tailwindcss_oxide::scanner: Discovering "C:\\Users\\rites\\OneDrive\\Desktop\\RESUME\\client\\src\\components\\analyzer"
2026-01-29T16:45:55.437863Z  INFO get_files:scan_sources: tailwindcss_oxide::scanner: Discovering "C:\\Users\\rites\\OneDrive\\Desktop\\RESUME\\client\\src\\components\\layout"
2026-01-29T16:45:55.438218Z  INFO get_files:scan_sources: tailwindcss_oxide::scanner: Discovering "C:\\Users\\rites\\OneDrive\\Desktop\\RESUME\\client\\src\\components\\resume"
2026-01-29T16:45:55.438555Z  INFO get_files:scan_sources: tailwindcss_oxide::scanner: Discovering "C:\\Users\\rites\\OneDrive\\Desktop\\RESUME\\client\\src\\components\\ui"
2026-01-29T16:45:55.438944Z  INFO get_files:scan_sources: tailwindcss_oxide::scanner: Discovering "C:\\Users\\rites\\OneDrive\\Desktop\\RESUME\\client\\src\\hooks"
2026-01-29T16:45:55.439273Z  INFO get_files:scan_sources: tailwindcss_oxide::scanner: Discovering "C:\\Users\\rites\\OneDrive\\Desktop\\RESUME\\client\\src\\lib"
2026-01-29T16:45:55.439570Z  INFO get_files:scan_sources: tailwindcss_oxide::scanner: Discovering "C:\\Users\\rites\\OneDrive\\Desktop\\RESUME\\client\\src\\store"
2026-01-29T16:45:55.439870Z  INFO get_files:scan_sources: tailwindcss_oxide::scanner: Discovering "C:\\Users\\rites\\OneDrive\\Desktop\\RESUME\\client\\src\\types"
2026-01-29T16:45:55.440316Z  INFO get_files:scan_sources: tailwindcss_oxide::scanner: exit
2026-01-29T16:45:55.440456Z  INFO get_files: tailwindcss_oxide::scanner: exit
2026-01-29T16:45:55.440669Z  INFO get_globs: tailwindcss_oxide::scanner: enter
2026-01-29T16:45:55.440683Z  INFO get_globs:scan_sources: tailwindcss_oxide::scanner: enter
2026-01-29T16:45:55.443561Z  INFO get_globs:scan_sources: tailwindcss_oxide::scanner: Discovering "C:\\Users\\rites\\OneDrive\\Desktop\\RESUME\\client\\public"
2026-01-29T16:45:55.444173Z  INFO get_globs:scan_sources: tailwindcss_oxide::scanner: Discovering "C:\\Users\\rites\\OneDrive\\Desktop\\RESUME\\client\\src"
2026-01-29T16:45:55.444423Z  INFO get_globs:scan_sources: tailwindcss_oxide::scanner: Discovering "C:\\Users\\rites\\OneDrive\\Desktop\\RESUME\\client\\src\\app"
2026-01-29T16:45:55.444667Z  INFO get_globs:scan_sources: tailwindcss_oxide::scanner: Discovering "C:\\Users\\rites\\OneDrive\\Desktop\\RESUME\\client\\src\\app\\(dashboard)"
2026-01-29T16:45:55.445076Z  INFO get_globs:scan_sources: tailwindcss_oxide::scanner: Discovering "C:\\Users\\rites\\OneDrive\\Desktop\\RESUME\\client\\src\\app\\(dashboard)\\dashboard"
2026-01-29T16:45:55.445482Z  INFO get_globs:scan_sources: tailwindcss_oxide::scanner: Discovering "C:\\Users\\rites\\OneDrive\\Desktop\\RESUME\\client\\src\\app\\(dashboard)\\profile"
2026-01-29T16:45:55.445807Z  INFO get_globs:scan_sources: tailwindcss_oxide::scanner: Discovering "C:\\Users\\rites\\OneDrive\\Desktop\\RESUME\\client\\src\\app\\analyzer"
2026-01-29T16:45:55.446087Z  INFO get_globs:scan_sources: tailwindcss_oxide::scanner: Discovering "C:\\Users\\rites\\OneDrive\\Desktop\\RESUME\\client\\src\\app\\builder"
2026-01-29T16:45:55.446578Z  INFO get_globs:scan_sources: tailwindcss_oxide::scanner: Discovering "C:\\Users\\rites\\OneDrive\\Desktop\\RESUME\\client\\src\\components"
2026-01-29T16:45:55.446823Z  INFO get_globs:scan_sources: tailwindcss_oxide::scanner: Discovering "C:\\Users\\rites\\OneDrive\\Desktop\\RESUME\\client\\src\\components\\analyzer"
2026-01-29T16:45:55.447109Z  INFO get_globs:scan_sources: tailwindcss_oxide::scanner: Discovering "C:\\Users\\rites\\OneDrive\\Desktop\\RESUME\\client\\src\\components\\layout"
2026-01-29T16:45:55.447389Z  INFO get_globs:scan_sources: tailwindcss_oxide::scanner: Discovering "C:\\Users\\rites\\OneDrive\\Desktop\\RESUME\\client\\src\\components\\resume"
2026-01-29T16:45:55.447737Z  INFO get_globs:scan_sources: tailwindcss_oxide::scanner: Discovering "C:\\Users\\rites\\OneDrive\\Desktop\\RESUME\\client\\src\\components\\ui"
2026-01-29T16:45:55.448047Z  INFO get_globs:scan_sources: tailwindcss_oxide::scanner: Discovering "C:\\Users\\rites\\OneDrive\\Desktop\\RESUME\\client\\src\\hooks"
2026-01-29T16:45:55.448301Z  INFO get_globs:scan_sources: tailwindcss_oxide::scanner: Discovering "C:\\Users\\rites\\OneDrive\\Desktop\\RESUME\\client\\src\\lib"
2026-01-29T16:45:55.448717Z  INFO get_globs:scan_sources: tailwindcss_oxide::scanner: Discovering "C:\\Users\\rites\\OneDrive\\Desktop\\RESUME\\client\\src\\store"
2026-01-29T16:45:55.449108Z  INFO get_globs:scan_sources: tailwindcss_oxide::scanner: Discovering "C:\\Users\\rites\\OneDrive\\Desktop\\RESUME\\client\\src\\types"
2026-01-29T16:45:55.449546Z  INFO get_globs:scan_sources: tailwindcss_oxide::scanner: exit
2026-01-29T16:45:55.462427Z  INFO get_globs: tailwindcss_oxide::scanner: exit
